Microchip MPLAB XC8 Compiler V2.36

Linker command line:

-W-3 --edf=C:\Program Files\Microchip\xc8\v2.36\pic\dat\en_msgs.txt -cn \
  -h+dist/default/production\SevenSegment_877a.X.production.sym \
  --cmf=dist/default/production\SevenSegment_877a.X.production.cmf -z \
  -Q16F877A -oC:\Users\Ryan\AppData\Local\Temp\xcAsj8c.4 \
  --defsym=__MPLAB_BUILD=1 \
  -Mdist/default/production/SevenSegment_877a.X.production.map \
  --md=C:\Users\Ryan\AppData\Local\Temp\xcAsj8c.dat -E1 -ver=XC8 Compiler \
  --acfsm=1493 -ACODE=00h-07FFhx4 -ASTRCODE=00h-01FFFh -ASTRING=00h-0FFhx32 \
  -ACONST=00h-0FFhx32 -AENTRY=00h-0FFhx32 -ACOMMON=070h-07Fh \
  -ABANK0=020h-06Fh -ABANK1=0A0h-0EFh -ABANK2=0110h-016Fh \
  -ABANK3=0190h-01EFh -ARAM=020h-06Fh,0A0h-0EFh,0110h-016Fh,0190h-01EFh \
  -AABS1=020h-07Fh,0A0h-0EFh,0110h-016Fh,0190h-01EFh -ASFR0=00h-01Fh \
  -ASFR1=080h-09Fh -ASFR2=0100h-010Fh -ASFR3=0180h-018Fh \
  -ACONFIG=02007h-02007h -DCONFIG=2 -AIDLOC=02000h-02003h -DIDLOC=2 \
  -AEEDATA=00h-0FFh/02100h -peeprom_data=EEDATA -DEEDATA=2 -DCODE=2 \
  -DSTRCODE=2 -DSTRING=2 -DCONST=2 -DENTRY=2 \
  -preset_vec=00h,intentry=04h,init,end_init -ppowerup=CODE -pcinit=CODE \
  -pfunctab=ENTRY -k C:\Users\Ryan\AppData\Local\Temp\xcAsj8c.o \
  dist/default/production\SevenSegment_877a.X.production.o 

Object code version is 3.11

Machine type is 16F877A



                Name                               Link     Load   Length Selector   Space Scale
C:\Users\Ryan\AppData\Local\Temp\xcAsj8c.o
                end_init                              C        C        3        8       0
                reset_vec                             0        0        3        0       0
                config                             2007     2007        1        0       4
                idloc                              2000     2000        4        0       5
dist/default/production\SevenSegment_877a.X.production.o
                cinit                                 F        F        F        8       0
                intentry                              4        4        8        8       0
                config                             2007     2007        1        0       4
                idloc                              2000     2000        4        0       5
                text5                               17C      17C       26        8       0
                text4                                FE       FE       44        8       0
                text3                               142      142       3A        8       0
                text2                               1C2      1C2       1F        8       0
                text1                               1A2      1A2       20        8       0
                maintext                             1E       1E       E0        8       0
                cstackBANK0                          20       20       17       20       1
                cstackCOMMON                         70       70        B       70       1
                bssBANK0                             37       37        9       20       1
                strings                             1E1      1E1       10      3C2       0

TOTAL           Name                               Link     Load   Length     Space
        CLASS   CODE           
                end_init                              C        C        3         0
                cinit                                 F        F        F         0
                intentry                              4        4        8         0
                reset_vec                             0        0        3         0
                text5                               17C      17C       26         0
                text4                                FE       FE       44         0
                text3                               142      142       3A         0
                text2                               1C2      1C2       1F         0
                text1                               1A2      1A2       20         0
                maintext                             1E       1E       E0         0

        CLASS   STRCODE        

        CLASS   STRING         
                strings                             1E1      1E1       10         0

        CLASS   CONST          

        CLASS   ENTRY          

        CLASS   COMMON         
                cstackCOMMON                         70       70        B         1

        CLASS   BANK0          
                cstackBANK0                          20       20       17         1
                bssBANK0                             37       37        9         1

        CLASS   BANK1          

        CLASS   BANK2          

        CLASS   BANK3          

        CLASS   RAM            

        CLASS   ABS1           
                abs_s1                               7E       7E        2         1

        CLASS   SFR0           

        CLASS   SFR1           

        CLASS   SFR2           

        CLASS   SFR3           

        CLASS   CONFIG         
                config                             2007     2007        1         4

        CLASS   IDLOC          
                idloc                              2000     2000        4         5

        CLASS   EEDATA         

        CLASS   STACK          



SEGMENTS        Name                           Load    Length   Top    Selector   Space  Class     Delta

                reset_vec                      000000  000003  000003         0       0  CODE        2
                intentry                       000004  0001DD  0001E1         8       0  CODE        2
                cstackBANK0                    000020  000020  000040        20       1  BANK0       1
                cstackCOMMON                   000070  00000B  00007B        70       1  COMMON      1
                strings                        0001E1  000010  0001F1       3C2       0  STRING      2


UNUSED ADDRESS RANGES

        Name                Unused          Largest block    Delta
        BANK0            0040-006F             30           1
        BANK1            00A0-00EF             50           1
        BANK2            0110-016F             60           1
        BANK3            0190-01EF             60           1
        CODE             0003-0003              1           2
                         01F1-1FFF            800
        COMMON           007B-007D              3           1
        CONST            0003-0003              1           2
                         01F1-1FFF            100
        EEDATA           2100-21FF            100           2
        ENTRY            0003-0003              1           2
                         01F1-1FFF            100
        RAM              0040-006F             30           1
                         00A0-00EF             50
                         0110-016F             60
                         0190-01EF             60
        SFR0             0000-001F             20           1
        SFR1             0080-009F             20           1
        SFR2             0100-010F             10           1
        SFR3             0180-018F             10           1
        STRCODE          0003-0003              1           2
                         01F1-1FFF           1E0F
        STRING           0003-0003              1           2
                         01F1-1FFF            100

                                  Symbol Table

?___lwdiv                cstackCOMMON 0073
?___lwmod                cstackCOMMON 0073
_INTCONbits              (abs)        000B
_OPTION_REG              (abs)        0081
_PORTAbits               (abs)        0005
_PORTBbits               (abs)        0006
_PORTCbits               (abs)        0007
_PORTD                   (abs)        0008
_TMR0                    (abs)        0001
_TRISAbits               (abs)        0085
_TRISBbits               (abs)        0086
_TRISCbits               (abs)        0087
_TRISD                   (abs)        0088
__Habs1                  abs1         0000
__Hbank0                 bank0        0000
__Hbank1                 bank1        0000
__Hbank2                 bank2        0000
__Hbank3                 bank3        0000
__HbssBANK0              bssBANK0     0000
__Hcinit                 cinit        001E
__Hclrtext               clrtext      0000
__Hcode                  code         0000
__Hcommon                common       0000
__Hconfig                config       2008
__HcstackBANK0           cstackBANK0  0000
__HcstackCOMMON          cstackCOMMON 0000
__Heeprom_data           eeprom_data  0000
__Hend_init              end_init     000F
__Hfunctab               functab      0000
__Hidloc                 idloc        2004
__Hinit                  init         000C
__Hintentry              intentry     000C
__Hmaintext              maintext     0000
__Hpowerup               powerup      0000
__Hram                   ram          0000
__Hreset_vec             reset_vec    0003
__Hsfr0                  sfr0         0000
__Hsfr1                  sfr1         0000
__Hsfr2                  sfr2         0000
__Hsfr3                  sfr3         0000
__Hspace_0               (abs)        01F1
__Hspace_1               (abs)        007B
__Hspace_2               (abs)        0000
__Hspace_3               (abs)        0000
__Hspace_4               (abs)        400F
__Hstack                 stack        0000
__Hstrings               strings      0000
__Htext                  text         0000
__Labs1                  abs1         0000
__Lbank0                 bank0        0000
__Lbank1                 bank1        0000
__Lbank2                 bank2        0000
__Lbank3                 bank3        0000
__LbssBANK0              bssBANK0     0000
__Lcinit                 cinit        000F
__Lclrtext               clrtext      0000
__Lcode                  code         0000
__Lcommon                common       0000
__Lconfig                config       0000
__LcstackBANK0           cstackBANK0  0000
__LcstackCOMMON          cstackCOMMON 0000
__Leeprom_data           eeprom_data  0000
__Lend_init              end_init     000C
__Lfunctab               functab      0000
__Lidloc                 idloc        0000
__Linit                  init         000C
__Lintentry              intentry     0004
__Lmaintext              maintext     0000
__Lpowerup               powerup      0000
__Lram                   ram          0000
__Lreset_vec             reset_vec    0000
__Lsfr0                  sfr0         0000
__Lsfr1                  sfr1         0000
__Lsfr2                  sfr2         0000
__Lsfr3                  sfr3         0000
__Lspace_0               (abs)        0000
__Lspace_1               (abs)        0000
__Lspace_2               (abs)        0000
__Lspace_3               (abs)        0000
__Lspace_4               (abs)        0000
__Lstack                 stack        0000
__Lstrings               strings      0000
__Ltext                  text         0000
__S0                     (abs)        01F1
__S1                     (abs)        007B
__S3                     (abs)        0000
___int_sp                stack        0000
___latbits               (abs)        0002
___lwdiv                 text4        00FE
___lwdiv@counter         cstackCOMMON 007A
___lwdiv@dividend        cstackCOMMON 0075
___lwdiv@divisor         cstackCOMMON 0073
___lwdiv@quotient        cstackCOMMON 0078
___lwmod                 text3        0142
___lwmod@counter         cstackCOMMON 0078
___lwmod@dividend        cstackCOMMON 0075
___lwmod@divisor         cstackCOMMON 0073
___sp                    stack        0000
___stackhi               (abs)        0000
___stacklo               (abs)        0000
__end_of___lwdiv         text4        0142
__end_of___lwmod         text3        017C
__end_of__initialization cinit        001A
__end_of__stringtab      strings      01E7
__end_of_main            maintext     00FE
__end_of_setup           text2        01E1
__end_of_timer_0         text5        01A2
__end_of_writeDigit      text1        01C2
__end_ofwriteDigit@nums  strings      01F1
__initialization         cinit        000F
__pbssBANK0              bssBANK0     0037
__pcstackBANK0           cstackBANK0  0020
__pcstackCOMMON          cstackCOMMON 0070
__pintentry              intentry     0004
__pmaintext              maintext     001E
__pstrings               strings      01E1
__ptext1                 text1        01A2
__ptext2                 text2        01C2
__ptext3                 text3        0142
__ptext4                 text4        00FE
__ptext5                 text5        017C
__stringbase             strings      01E6
__stringtab              strings      01E1
_diag                    bssBANK0     003F
_main                    maintext     001E
_setup                   text2        01C2
_tcount                  bssBANK0     003B
_timer_0                 text5        017C
_writeDigit              text1        01A2
btemp                    (abs)        007E
end_of_initialization    cinit        001A
interrupt_function       intentry     0004
intlevel0                functab      0000
intlevel1                functab      0000
intlevel2                functab      0000
intlevel3                functab      0000
intlevel4                functab      0000
intlevel5                functab      0000
main@cal                 cstackBANK0  0032
main@disp                cstackBANK0  0030
main@i                   cstackBANK0  0034
main@ldu                 cstackBANK0  0036
main@pcount              cstackBANK0  002C
main@places              cstackBANK0  0028
reset_vec                reset_vec    0000
saved_w                  (abs)        007E
start                    init         000C
start_initialization     cinit        000F
writeDigit@digit         cstackCOMMON 0075
writeDigit@nums          strings      01E7
writeDigit@value         cstackCOMMON 0073
wtemp0                   (abs)        007E


MODULE INFORMATION

Module		Function		Class		Link	Load	Size
C:\Program Files\Microchip\xc8\v2.36\pic\sources\c90\common\lwmod.c
		___lwmod       		CODE           	0142	0000	58

C:\Program Files\Microchip\xc8\v2.36\pic\sources\c90\common\lwmod.c estimated size: 58

C:\Program Files\Microchip\xc8\v2.36\pic\sources\c90\common\lwdiv.c
		___lwdiv       		CODE           	00FE	0000	68

C:\Program Files\Microchip\xc8\v2.36\pic\sources\c90\common\lwdiv.c estimated size: 68

shared
		__stringtab    		STRING         	01E1	0000	6
		writeDigit@nums		STRING         	01E7	0000	10
		__initialization		CODE           	000F	0000	11

shared estimated size: 27

main.c
		_timer_0       		CODE           	017C	0000	38
		_main          		CODE           	001E	0000	224
		_writeDigit    		CODE           	01A2	0000	32
		_setup         		CODE           	01C2	0000	31

main.c estimated size: 325

